require.requireActual('./polyfill/iterator.enumerate.js');
