var {x, ...others} = props;
var [x, ...others] = arr;
