async function foo() {
  a;
}

(async function() {
  a;
})();

class Foo {
  static async foo() {
    a;
  }

  async foo() {
    a;
  }
}

const meh = {async foo() {
  a;
}};
