new a(b, c);
new a();
new a(b, ...c);
new a.b[c](d);
