function* whyWasSixAfraidOfSeven() {
  yield 7;
  yield* [8, 9];
}
