// TODO: parse error, can't use with in strict mode
// with(o){x;}
x;
