class foo extends bar {
  constructor() {
    super(1, 2);
  }

  meh() {
    super.meh(1, 2);
  }
}
